// Jest Snapshot v1, https://goo.gl/fbAQLP

exports[`App should match its empty snapshot 1`] = `
<div>
  <section
    className="hero is-light is-bold"
  >
    <div
      className="hero-body"
    >
      <div
        className="container"
      >
        <h1
          className="title"
        >
          Hello from Electron
        </h1>
        <p>
          Hello from React! Start editing src/app.js with hot-reloading 'yarn start'
        </p>
        <h2
          data-test="counter"
        >
          0
        </h2>
        <button
          className="button"
          data-test="incButton"
          onClick={[Function]}
        >
          Inc count
        </button>
        <button
          className="button"
          data-test="resetButton"
          onClick={[Function]}
        >
          Reset
        </button>
      </div>
    </div>
    <h1 />
  </section>
</div>
`;
